AR mux4x1 structural "D:/Dropbox/ece/Spring_2017/Advanced Digital Design/Lab/Lab4/lab4new/mux4x1.vhd" sub00/vhpl07 1493378427
EN fsmtop NULL "D:/Dropbox/ece/Spring_2017/Advanced Digital Design/Lab/Lab4/lab4new/FSMTop.vhd" sub00/vhpl32 1493378452
EN ssdcircuit NULL "D:/Dropbox/ece/Spring_2017/Advanced Digital Design/Lab/Lab4/lab4new/SSDCircuit.vhd" sub00/vhpl46 1493378466
AR counter125k behavioral "D:/Dropbox/ece/Spring_2017/Advanced Digital Design/Lab/Lab4/lab4new/Counter125K.vhd" sub00/vhpl27 1493378447
AR mux behavioral "D:/Dropbox/ece/Spring_2017/Advanced Digital Design/Lab/Lab4/lab4new/mux.vhd" sub00/vhpl03 1493378423
AR equalcomp7 structural "D:/Dropbox/ece/Spring_2017/Advanced Digital Design/Lab/Lab4/lab4new/EqualComp7.vhd" sub00/vhpl29 1493378449
EN counter5bit NULL "D:/Dropbox/ece/Spring_2017/Advanced Digital Design/Lab/Lab4/lab4new/Counter5bit.vhd" sub00/vhpl38 1493378458
AR and8gate structural "D:/Dropbox/ece/Spring_2017/Advanced Digital Design/Lab/Lab4/lab4new/And8Gate.vhd" sub00/vhpl11 1493378431
EN singlepulsegen NULL "D:/Dropbox/ece/Spring_2017/Advanced Digital Design/Lab/Lab4/lab4new/singlepulsegen.vhd" sub00/vhpl30 1493378450
AR singlepulsegen behavioral "D:/Dropbox/ece/Spring_2017/Advanced Digital Design/Lab/Lab4/lab4new/singlepulsegen.vhd" sub00/vhpl31 1493378451
AR stackcircuit structural "D:/Dropbox/ece/Spring_2017/Advanced Digital Design/Lab/Lab4/lab4new/StackCircuit.vhd" sub00/vhpl49 1493378469
AR equalcomp5 structural "D:/Dropbox/ece/Spring_2017/Advanced Digital Design/Lab/Lab4/lab4new/EqualComp5.vhd" sub00/vhpl37 1493378457
EN fsmstack NULL "D:/Dropbox/ece/Spring_2017/Advanced Digital Design/Lab/Lab4/lab4new/FSMStack.vhd" sub00/vhpl12 1493378432
AR counter5bit behavioral "D:/Dropbox/ece/Spring_2017/Advanced Digital Design/Lab/Lab4/lab4new/Counter5bit.vhd" sub00/vhpl39 1493378459
AR memorystack memorystack_a "D:/Dropbox/ece/Spring_2017/Advanced Digital Design/Lab/Lab4/lab4new/MemoryStack.vhd" sub00/vhpl41 1493378461
AR fsm_add_sub behavioral "D:/Dropbox/ece/Spring_2017/Advanced Digital Design/Lab/Lab4/lab4new/FSMMode1.vhd" sub00/vhpl17 1493378437
AR fsm_un_swap behavioral "D:/Dropbox/ece/Spring_2017/Advanced Digital Design/Lab/Lab4/lab4new/FSM_UN_SWAP.vhd" sub00/vhpl15 1493378435
AR and4gate structural "D:/Dropbox/ece/Spring_2017/Advanced Digital Design/Lab/Lab4/lab4new/And4Gate.vhd" sub00/vhpl05 1493378425
AR decoder4to32 behavioral "D:/Dropbox/ece/Spring_2017/Advanced Digital Design/Lab/Lab4/lab4new/Decoder2to32.vhd" sub00/vhpl19 1493378439
AR fsmssd behavioral "D:/Dropbox/ece/Spring_2017/Advanced Digital Design/Lab/Lab4/lab4new/FSMssd.vhd" sub00/vhpl25 1493378445
AR fsm_mode behavioral "D:/Dropbox/ece/Spring_2017/Advanced Digital Design/Lab/Lab4/lab4new/FSM_Mode.vhd" sub00/vhpl35 1493378455
EN mux32x8 NULL "D:/Dropbox/ece/Spring_2017/Advanced Digital Design/Lab/Lab4/lab4new/mux32x8.vhd" sub00/vhpl20 1493378440
EN decoder4to32 NULL "D:/Dropbox/ece/Spring_2017/Advanced Digital Design/Lab/Lab4/lab4new/Decoder2to32.vhd" sub00/vhpl18 1493378438
AR ssdcontrol structural "D:/Dropbox/ece/Spring_2017/Advanced Digital Design/Lab/Lab4/lab4new/SSDControl.vhd" sub00/vhpl43 1493378463
EN memorystack NULL "D:/Dropbox/ece/Spring_2017/Advanced Digital Design/Lab/Lab4/lab4new/MemoryStack.vhd" sub00/vhpl40 1493378460
EN mux4x1 NULL "D:/Dropbox/ece/Spring_2017/Advanced Digital Design/Lab/Lab4/lab4new/mux4x1.vhd" sub00/vhpl06 1493378426
EN mux16x4 NULL "D:/Dropbox/ece/Spring_2017/Advanced Digital Design/Lab/Lab4/lab4new/mux16x4.vhd" sub00/vhpl22 1493378442
AR fsmtop structural "D:/Dropbox/ece/Spring_2017/Advanced Digital Design/Lab/Lab4/lab4new/FSMTop.vhd" sub00/vhpl33 1493378453
AR ssdcircuit structural "D:/Dropbox/ece/Spring_2017/Advanced Digital Design/Lab/Lab4/lab4new/SSDCircuit.vhd" sub00/vhpl47 1493378467
AR lab3top behavioral "D:/Dropbox/ece/Spring_2017/Advanced Digital Design/Lab/Lab4/lab4new/Lab3Top.vhd" sub00/vhpl51 1493378471
EN and8gate NULL "D:/Dropbox/ece/Spring_2017/Advanced Digital Design/Lab/Lab4/lab4new/And8Gate.vhd" sub00/vhpl10 1493378430
AR mux32x8 structural "D:/Dropbox/ece/Spring_2017/Advanced Digital Design/Lab/Lab4/lab4new/mux32x8.vhd" sub00/vhpl21 1493378441
AR fsmstack behavioral "D:/Dropbox/ece/Spring_2017/Advanced Digital Design/Lab/Lab4/lab4new/FSMStack.vhd" sub00/vhpl13 1493378433
EN andgate NULL "D:/Dropbox/ece/Spring_2017/Advanced Digital Design/Lab/Lab4/lab4new/AndGate.vhd" sub00/vhpl00 1493378420
EN and4gate NULL "D:/Dropbox/ece/Spring_2017/Advanced Digital Design/Lab/Lab4/lab4new/And4Gate.vhd" sub00/vhpl04 1493378424
AR ssddata structural "D:/Dropbox/ece/Spring_2017/Advanced Digital Design/Lab/Lab4/lab4new/SSDData.vhd" sub00/vhpl45 1493378465
AR xnorgate behavioral "D:/Dropbox/ece/Spring_2017/Advanced Digital Design/Lab/Lab4/lab4new/XnorGate.vhd" sub00/vhpl09 1493378429
EN fsm_mode NULL "D:/Dropbox/ece/Spring_2017/Advanced Digital Design/Lab/Lab4/lab4new/FSM_Mode.vhd" sub00/vhpl34 1493378454
EN mux NULL "D:/Dropbox/ece/Spring_2017/Advanced Digital Design/Lab/Lab4/lab4new/mux.vhd" sub00/vhpl02 1493378422
EN equalcomp5 NULL "D:/Dropbox/ece/Spring_2017/Advanced Digital Design/Lab/Lab4/lab4new/EqualComp5.vhd" sub00/vhpl36 1493378456
EN equalcomp7 NULL "D:/Dropbox/ece/Spring_2017/Advanced Digital Design/Lab/Lab4/lab4new/EqualComp7.vhd" sub00/vhpl28 1493378448
EN xnorgate NULL "D:/Dropbox/ece/Spring_2017/Advanced Digital Design/Lab/Lab4/lab4new/XnorGate.vhd" sub00/vhpl08 1493378428
AR mux16x4 structural "D:/Dropbox/ece/Spring_2017/Advanced Digital Design/Lab/Lab4/lab4new/mux16x4.vhd" sub00/vhpl23 1493378443
EN stackcircuit NULL "D:/Dropbox/ece/Spring_2017/Advanced Digital Design/Lab/Lab4/lab4new/StackCircuit.vhd" sub00/vhpl48 1493378468
EN fsm_un_swap NULL "D:/Dropbox/ece/Spring_2017/Advanced Digital Design/Lab/Lab4/lab4new/FSM_UN_SWAP.vhd" sub00/vhpl14 1493378434
EN counter125k NULL "D:/Dropbox/ece/Spring_2017/Advanced Digital Design/Lab/Lab4/lab4new/Counter125K.vhd" sub00/vhpl26 1493378446
EN fsmssd NULL "D:/Dropbox/ece/Spring_2017/Advanced Digital Design/Lab/Lab4/lab4new/FSMssd.vhd" sub00/vhpl24 1493378444
EN ssddata NULL "D:/Dropbox/ece/Spring_2017/Advanced Digital Design/Lab/Lab4/lab4new/SSDData.vhd" sub00/vhpl44 1493378464
EN fsm_add_sub NULL "D:/Dropbox/ece/Spring_2017/Advanced Digital Design/Lab/Lab4/lab4new/FSMMode1.vhd" sub00/vhpl16 1493378436
EN ssdcontrol NULL "D:/Dropbox/ece/Spring_2017/Advanced Digital Design/Lab/Lab4/lab4new/SSDControl.vhd" sub00/vhpl42 1493378462
EN lab3top NULL "D:/Dropbox/ece/Spring_2017/Advanced Digital Design/Lab/Lab4/lab4new/Lab3Top.vhd" sub00/vhpl50 1493378470
AR andgate behavioral "D:/Dropbox/ece/Spring_2017/Advanced Digital Design/Lab/Lab4/lab4new/AndGate.vhd" sub00/vhpl01 1493378421
