AR norgate behavioral "D:/Dropbox/ece/Spring_2017/Advanced Digital Design/Lab/Lab2/lab2circuit2a/NorGate.vhd" sub00/vhpl03 1489758514
EN dflipflop NULL "D:/Dropbox/ece/Spring_2017/Advanced Digital Design/Lab/Lab2/lab2circuit2a/DFlipFlop.vhd" sub00/vhpl10 1489758521
EN singlepulsegen NULL "D:/Dropbox/ece/Spring_2017/Advanced Digital Design/Lab/Lab2/lab2circuit2a/singlepulsegen.vhd" sub00/vhpl16 1489758527
AR singlepulsegen behavioral "D:/Dropbox/ece/Spring_2017/Advanced Digital Design/Lab/Lab2/lab2circuit2a/singlepulsegen.vhd" sub00/vhpl17 1489758528
EN notgate NULL "D:/Dropbox/ece/Spring_2017/Advanced Digital Design/Lab/Lab2/lab2circuit2a/NotGate.vhd" sub00/vhpl12 1489758523
AR nor3gate structural "D:/Dropbox/ece/Spring_2017/Advanced Digital Design/Lab/Lab2/lab2circuit2a/Nor3Gate.vhd" sub00/vhpl07 1489758518
EN orgate NULL "D:/Dropbox/ece/Spring_2017/Advanced Digital Design/Lab/Lab2/lab2circuit2a/OrGate.vhd" sub00/vhpl00 1489758511
AR lab2topmodule structural "D:/Dropbox/ece/Spring_2017/Advanced Digital Design/Lab/Lab2/lab2circuit2a/Lab2TopModule.vhd" sub00/vhpl23 1489758534
AR lab2fsm structural "D:/Dropbox/ece/Spring_2017/Advanced Digital Design/Lab/Lab2/lab2circuit2a/Lab2FSM.vhd" sub00/vhpl19 1489758530
EN nor3gate NULL "D:/Dropbox/ece/Spring_2017/Advanced Digital Design/Lab/Lab2/lab2circuit2a/Nor3Gate.vhd" sub00/vhpl06 1489758517
AR orgate behavioral "D:/Dropbox/ece/Spring_2017/Advanced Digital Design/Lab/Lab2/lab2circuit2a/OrGate.vhd" sub00/vhpl01 1489758512
EN or4gate NULL "D:/Dropbox/ece/Spring_2017/Advanced Digital Design/Lab/Lab2/lab2circuit2a/Or4Gate.vhd" sub00/vhpl08 1489758519
AR ledcomblogic structural "D:/Dropbox/ece/Spring_2017/Advanced Digital Design/Lab/Lab2/lab2circuit2a/LedCombLogic.vhd" sub00/vhpl21 1489758532
AR or4gate structural "D:/Dropbox/ece/Spring_2017/Advanced Digital Design/Lab/Lab2/lab2circuit2a/Or4Gate.vhd" sub00/vhpl09 1489758520
AR dflipflop behavioral "D:/Dropbox/ece/Spring_2017/Advanced Digital Design/Lab/Lab2/lab2circuit2a/DFlipFlop.vhd" sub00/vhpl11 1489758522
EN ledcomblogic NULL "D:/Dropbox/ece/Spring_2017/Advanced Digital Design/Lab/Lab2/lab2circuit2a/LedCombLogic.vhd" sub00/vhpl20 1489758531
EN lab2fsm NULL "D:/Dropbox/ece/Spring_2017/Advanced Digital Design/Lab/Lab2/lab2circuit2a/Lab2FSM.vhd" sub00/vhpl18 1489758529
EN norgate NULL "D:/Dropbox/ece/Spring_2017/Advanced Digital Design/Lab/Lab2/lab2circuit2a/NorGate.vhd" sub00/vhpl02 1489758513
EN andgate NULL "D:/Dropbox/ece/Spring_2017/Advanced Digital Design/Lab/Lab2/lab2circuit2a/AndGate.vhd" sub00/vhpl04 1489758515
EN onehotcomblogic NULL "D:/Dropbox/ece/Spring_2017/Advanced Digital Design/Lab/Lab2/lab2circuit2a/OneHotCombLogic.vhd" sub00/vhpl14 1489758525
EN lab2topmodule NULL "D:/Dropbox/ece/Spring_2017/Advanced Digital Design/Lab/Lab2/lab2circuit2a/Lab2TopModule.vhd" sub00/vhpl22 1489758533
AR notgate behavioral "D:/Dropbox/ece/Spring_2017/Advanced Digital Design/Lab/Lab2/lab2circuit2a/NotGate.vhd" sub00/vhpl13 1489758524
AR onehotcomblogic structural "D:/Dropbox/ece/Spring_2017/Advanced Digital Design/Lab/Lab2/lab2circuit2a/OneHotCombLogic.vhd" sub00/vhpl15 1489758526
AR andgate behavioral "D:/Dropbox/ece/Spring_2017/Advanced Digital Design/Lab/Lab2/lab2circuit2a/AndGate.vhd" sub00/vhpl05 1489758516
