V3 47
FL "D:/Dropbox/ece/Spring_2017/Advanced Digital Design/Lab/Lab2/lab2circuit2a/AndGate.vhd" 2017/02/22.23:49:43 O.87xd
EN work/AndGate 1489758515 \
      FL "D:/Dropbox/ece/Spring_2017/Advanced Digital Design/Lab/Lab2/lab2circuit2a/AndGate.vhd" \
      PB ieee/std_logic_1164 1325952872
AR work/AndGate/Behavioral 1489758516 \
      FL "D:/Dropbox/ece/Spring_2017/Advanced Digital Design/Lab/Lab2/lab2circuit2a/AndGate.vhd" \
      EN work/AndGate 1489758515
FL "D:/Dropbox/ece/Spring_2017/Advanced Digital Design/Lab/Lab2/lab2circuit2a/DFlipFlop.vhd" 2017/03/01.06:09:31 O.87xd
EN work/DFlipFlop 1489758521 \
      FL "D:/Dropbox/ece/Spring_2017/Advanced Digital Design/Lab/Lab2/lab2circuit2a/DFlipFlop.vhd" \
      PB ieee/std_logic_1164 1325952872
AR work/DFlipFlop/Behavioral 1489758522 \
      FL "D:/Dropbox/ece/Spring_2017/Advanced Digital Design/Lab/Lab2/lab2circuit2a/DFlipFlop.vhd" \
      EN work/DFlipFlop 1489758521
FL "D:/Dropbox/ece/Spring_2017/Advanced Digital Design/Lab/Lab2/lab2circuit2a/Lab2FSM.vhd" 2017/03/12.01:13:28 O.87xd
EN work/Lab2FSM 1489758529 \
      FL "D:/Dropbox/ece/Spring_2017/Advanced Digital Design/Lab/Lab2/lab2circuit2a/Lab2FSM.vhd" \
      PB ieee/std_logic_1164 1325952872
AR work/Lab2FSM/Structural 1489758530 \
      FL "D:/Dropbox/ece/Spring_2017/Advanced Digital Design/Lab/Lab2/lab2circuit2a/Lab2FSM.vhd" \
      EN work/Lab2FSM 1489758529 CP DFlipFlop CP NotGate CP OneHotCombLogic \
      CP OrGate CP AndGate
FL "D:/Dropbox/ece/Spring_2017/Advanced Digital Design/Lab/Lab2/lab2circuit2a/Lab2TopModule.vhd" 2017/03/12.01:38:17 O.87xd
EN work/Lab2TopModule 1489758533 \
      FL "D:/Dropbox/ece/Spring_2017/Advanced Digital Design/Lab/Lab2/lab2circuit2a/Lab2TopModule.vhd" \
      PB ieee/std_logic_1164 1325952872
AR work/Lab2TopModule/Structural 1489758534 \
      FL "D:/Dropbox/ece/Spring_2017/Advanced Digital Design/Lab/Lab2/lab2circuit2a/Lab2TopModule.vhd" \
      EN work/Lab2TopModule 1489758533 CP singlepulsegen CP Lab2FSM CP LedCombLogic
FL "D:/Dropbox/ece/Spring_2017/Advanced Digital Design/Lab/Lab2/lab2circuit2a/LedCombLogic.vhd" 2017/03/01.19:14:38 O.87xd
EN work/LedCombLogic 1489758531 \
      FL "D:/Dropbox/ece/Spring_2017/Advanced Digital Design/Lab/Lab2/lab2circuit2a/LedCombLogic.vhd" \
      PB ieee/std_logic_1164 1325952872
AR work/LedCombLogic/Structural 1489758532 \
      FL "D:/Dropbox/ece/Spring_2017/Advanced Digital Design/Lab/Lab2/lab2circuit2a/LedCombLogic.vhd" \
      EN work/LedCombLogic 1489758531 CP OrGate
FL "D:/Dropbox/ece/Spring_2017/Advanced Digital Design/Lab/Lab2/lab2circuit2a/Nor3Gate.vhd" 2017/03/12.01:01:36 O.87xd
EN work/Nor3Gate 1489758517 \
      FL "D:/Dropbox/ece/Spring_2017/Advanced Digital Design/Lab/Lab2/lab2circuit2a/Nor3Gate.vhd" \
      PB ieee/std_logic_1164 1325952872
AR work/Nor3Gate/Structural 1489758518 \
      FL "D:/Dropbox/ece/Spring_2017/Advanced Digital Design/Lab/Lab2/lab2circuit2a/Nor3Gate.vhd" \
      EN work/Nor3Gate 1489758517 CP OrGate CP NorGate
FL "D:/Dropbox/ece/Spring_2017/Advanced Digital Design/Lab/Lab2/lab2circuit2a/NorGate.vhd" 2017/02/25.04:00:39 O.87xd
EN work/NorGate 1489758513 \
      FL "D:/Dropbox/ece/Spring_2017/Advanced Digital Design/Lab/Lab2/lab2circuit2a/NorGate.vhd" \
      PB ieee/std_logic_1164 1325952872
AR work/NorGate/Behavioral 1489758514 \
      FL "D:/Dropbox/ece/Spring_2017/Advanced Digital Design/Lab/Lab2/lab2circuit2a/NorGate.vhd" \
      EN work/NorGate 1489758513
FL "D:/Dropbox/ece/Spring_2017/Advanced Digital Design/Lab/Lab2/lab2circuit2a/NotGate.vhd" 2017/02/23.00:00:51 O.87xd
EN work/NotGate 1489758523 \
      FL "D:/Dropbox/ece/Spring_2017/Advanced Digital Design/Lab/Lab2/lab2circuit2a/NotGate.vhd" \
      PB ieee/std_logic_1164 1325952872
AR work/NotGate/Behavioral 1489758524 \
      FL "D:/Dropbox/ece/Spring_2017/Advanced Digital Design/Lab/Lab2/lab2circuit2a/NotGate.vhd" \
      EN work/NotGate 1489758523
FL "D:/Dropbox/ece/Spring_2017/Advanced Digital Design/Lab/Lab2/lab2circuit2a/OneHotCombLogic.vhd" 2017/03/12.01:24:44 O.87xd
EN work/OneHotCombLogic 1489758525 \
      FL "D:/Dropbox/ece/Spring_2017/Advanced Digital Design/Lab/Lab2/lab2circuit2a/OneHotCombLogic.vhd" \
      PB ieee/std_logic_1164 1325952872 PB ieee/NUMERIC_STD 1325952877
AR work/OneHotCombLogic/Structural 1489758526 \
      FL "D:/Dropbox/ece/Spring_2017/Advanced Digital Design/Lab/Lab2/lab2circuit2a/OneHotCombLogic.vhd" \
      EN work/OneHotCombLogic 1489758525 CP AndGate CP Nor3Gate CP Or4Gate
FL "D:/Dropbox/ece/Spring_2017/Advanced Digital Design/Lab/Lab2/lab2circuit2a/Or4Gate.vhd" 2017/03/02.19:34:53 O.87xd
EN work/Or4Gate 1489758519 \
      FL "D:/Dropbox/ece/Spring_2017/Advanced Digital Design/Lab/Lab2/lab2circuit2a/Or4Gate.vhd" \
      PB ieee/std_logic_1164 1325952872
AR work/Or4Gate/Structural 1489758520 \
      FL "D:/Dropbox/ece/Spring_2017/Advanced Digital Design/Lab/Lab2/lab2circuit2a/Or4Gate.vhd" \
      EN work/Or4Gate 1489758519 CP OrGate
FL "D:/Dropbox/ece/Spring_2017/Advanced Digital Design/Lab/Lab2/lab2circuit2a/OrGate.vhd" 2017/02/24.22:59:51 O.87xd
EN work/OrGate 1489758511 \
      FL "D:/Dropbox/ece/Spring_2017/Advanced Digital Design/Lab/Lab2/lab2circuit2a/OrGate.vhd" \
      PB ieee/std_logic_1164 1325952872
AR work/OrGate/Behavioral 1489758512 \
      FL "D:/Dropbox/ece/Spring_2017/Advanced Digital Design/Lab/Lab2/lab2circuit2a/OrGate.vhd" \
      EN work/OrGate 1489758511
FL "D:/Dropbox/ece/Spring_2017/Advanced Digital Design/Lab/Lab2/lab2circuit2a/singlepulsegen.vhd" 2017/03/11.22:36:07 O.87xd
EN work/singlepulsegen 1489758527 \
      FL "D:/Dropbox/ece/Spring_2017/Advanced Digital Design/Lab/Lab2/lab2circuit2a/singlepulsegen.vhd" \
      PB ieee/std_logic_1164 1325952872 PB ieee/std_logic_arith 1325952873 \
      PB ieee/STD_LOGIC_UNSIGNED 1325952875
AR work/singlepulsegen/behavioral 1489758528 \
      FL "D:/Dropbox/ece/Spring_2017/Advanced Digital Design/Lab/Lab2/lab2circuit2a/singlepulsegen.vhd" \
      EN work/singlepulsegen 1489758527
