AR mux4x1 structural "D:/Dropbox/ece/Spring_2017/Advanced Digital Design/Lab/Lab5/Lab5/mux4x1.vhd" sub00/vhpl19 1493979033
AR carryla behavioral "D:/Dropbox/ece/Spring_2017/Advanced Digital Design/Lab/Lab5/Lab5/CarryLA.vhd" sub00/vhpl01 1493979015
AR unarysubtractor structural "D:/Dropbox/ece/Spring_2017/Advanced Digital Design/Lab/Lab5/Lab5/UnarySubtractor.vhd" sub00/vhpl39 1493979053
EN fsmtop NULL "D:/Dropbox/ece/Spring_2017/Advanced Digital Design/Lab/Lab5/Lab5/FSMTop.vhd" sub00/vhpl56 1493979070
EN ssdcircuit NULL "D:/Dropbox/ece/Spring_2017/Advanced Digital Design/Lab/Lab5/Lab5/SSDCircuit.vhd" sub00/vhpl72 1493979086
EN fsm_control_swap NULL "D:/Dropbox/ece/Spring_2017/Advanced Digital Design/Lab/Lab5/Lab5/FSM_Control_Swap.vhd" sub00/vhpl40 1493979054
AR counter125k behavioral "D:/Dropbox/ece/Spring_2017/Advanced Digital Design/Lab/Lab5/Lab5/Counter125K.vhd" sub00/vhpl49 1493979063
AR mux behavioral "D:/Dropbox/ece/Spring_2017/Advanced Digital Design/Lab/Lab5/Lab5/mux.vhd" sub00/vhpl09 1493979023
EN fsm_control_add_sub NULL "D:/Dropbox/ece/Spring_2017/Advanced Digital Design/Lab/Lab5/Lab5/FSM_Control_Add_Sub.vhd" sub00/vhpl16 1493979030
EN dflipflop NULL "D:/Dropbox/ece/Spring_2017/Advanced Digital Design/Lab/Lab5/Lab5/DFlipFlop.vhd" sub00/vhpl24 1493979038
AR cla4 structural "D:/Dropbox/ece/Spring_2017/Advanced Digital Design/Lab/Lab5/Lab5/CLA4.vhd" sub00/vhpl07 1493979021
AR equalcomp7 structural "D:/Dropbox/ece/Spring_2017/Advanced Digital Design/Lab/Lab5/Lab5/EqualComp7.vhd" sub00/vhpl51 1493979065
AR addersubtractor structural "D:/Dropbox/ece/Spring_2017/Advanced Digital Design/Lab/Lab5/Lab5/AdderSubtractor.vhd" sub00/vhpl37 1493979051
EN counter5bit NULL "D:/Dropbox/ece/Spring_2017/Advanced Digital Design/Lab/Lab5/Lab5/Counter5bit.vhd" sub00/vhpl62 1493979076
AR and8gate structural "D:/Dropbox/ece/Spring_2017/Advanced Digital Design/Lab/Lab5/Lab5/And8Gate.vhd" sub00/vhpl23 1493979037
EN singlepulsegen NULL "D:/Dropbox/ece/Spring_2017/Advanced Digital Design/Lab/Lab5/Lab5/singlepulsegen.vhd" sub00/vhpl52 1493979066
AR singlepulsegen behavioral "D:/Dropbox/ece/Spring_2017/Advanced Digital Design/Lab/Lab5/Lab5/singlepulsegen.vhd" sub00/vhpl53 1493979067
AR stackcircuit structural "D:/Dropbox/ece/Spring_2017/Advanced Digital Design/Lab/Lab5/Lab5/StackCircuit.vhd" sub00/vhpl75 1493979089
AR equalcomp5 structural "D:/Dropbox/ece/Spring_2017/Advanced Digital Design/Lab/Lab5/Lab5/EqualComp5.vhd" sub00/vhpl61 1493979075
EN addersubtractor NULL "D:/Dropbox/ece/Spring_2017/Advanced Digital Design/Lab/Lab5/Lab5/AdderSubtractor.vhd" sub00/vhpl36 1493979050
EN fsmstack NULL "D:/Dropbox/ece/Spring_2017/Advanced Digital Design/Lab/Lab5/Lab5/FSMStack.vhd" sub00/vhpl28 1493979042
AR counter5bit behavioral "D:/Dropbox/ece/Spring_2017/Advanced Digital Design/Lab/Lab5/Lab5/Counter5bit.vhd" sub00/vhpl63 1493979077
AR debouncer behavioral "D:/Dropbox/ece/Spring_2017/Advanced Digital Design/Lab/Lab5/Lab5/debouncer.vhd" sub00/vhpl55 1493979069
AR memorystack memorystack_a "D:/Dropbox/ece/Spring_2017/Advanced Digital Design/Lab/Lab5/Lab5/MemoryStack.vhd" sub00/vhpl65 1493979079
AR fsm_control_unary behavioral "D:/Dropbox/ece/Spring_2017/Advanced Digital Design/Lab/Lab5/Lab5/FSM_Control_Unary.vhd" sub00/vhpl13 1493979027
AR fsm_add_sub behavioral "D:/Dropbox/ece/Spring_2017/Advanced Digital Design/Lab/Lab5/Lab5/FSM_Add_Sub.vhd" sub00/vhpl33 1493979047
EN unarysubtractor NULL "D:/Dropbox/ece/Spring_2017/Advanced Digital Design/Lab/Lab5/Lab5/UnarySubtractor.vhd" sub00/vhpl38 1493979052
AR fsm_un_swap behavioral "D:/Dropbox/ece/Spring_2017/Advanced Digital Design/Lab/Lab5/Lab5/FSM_UN_SWAP.vhd" sub00/vhpl31 1493979045
AR and4gate structural "D:/Dropbox/ece/Spring_2017/Advanced Digital Design/Lab/Lab5/Lab5/And4Gate.vhd" sub00/vhpl11 1493979025
AR decoder4to32 behavioral "D:/Dropbox/ece/Spring_2017/Advanced Digital Design/Lab/Lab5/Lab5/Decoder2to32.vhd" sub00/vhpl43 1493979057
AR carrygp behavioral "D:/Dropbox/ece/Spring_2017/Advanced Digital Design/Lab/Lab5/Lab5/CarryGP.vhd" sub00/vhpl79 1493979013
AR fsmssd behavioral "D:/Dropbox/ece/Spring_2017/Advanced Digital Design/Lab/Lab5/Lab5/FSMssd.vhd" sub00/vhpl47 1493979061
AR fsm_mode behavioral "D:/Dropbox/ece/Spring_2017/Advanced Digital Design/Lab/Lab5/Lab5/FSM_Mode.vhd" sub00/vhpl59 1493979073
AR sregister2 structural "D:/Dropbox/ece/Spring_2017/Advanced Digital Design/Lab/Lab5/Lab5/SRegister2.vhd" sub00/vhpl67 1493979081
EN mux32x8 NULL "D:/Dropbox/ece/Spring_2017/Advanced Digital Design/Lab/Lab5/Lab5/mux32x8.vhd" sub00/vhpl34 1493979048
AR fsm_control_swap behavioral "D:/Dropbox/ece/Spring_2017/Advanced Digital Design/Lab/Lab5/Lab5/FSM_Control_Swap.vhd" sub00/vhpl41 1493979055
EN carrygp NULL "D:/Dropbox/ece/Spring_2017/Advanced Digital Design/Lab/Lab5/Lab5/CarryGP.vhd" sub00/vhpl78 1493979012
EN carryla NULL "D:/Dropbox/ece/Spring_2017/Advanced Digital Design/Lab/Lab5/Lab5/CarryLA.vhd" sub00/vhpl00 1493979014
EN claddsub8 NULL "D:/Dropbox/ece/Spring_2017/Advanced Digital Design/Lab/Lab5/Lab5/CLA8.vhd" sub00/vhpl14 1493979028
EN sum NULL "D:/Dropbox/ece/Spring_2017/Advanced Digital Design/Lab/Lab5/Lab5/Sum.vhd" sub00/vhpl02 1493979016
EN decoder4to32 NULL "D:/Dropbox/ece/Spring_2017/Advanced Digital Design/Lab/Lab5/Lab5/Decoder2to32.vhd" sub00/vhpl42 1493979056
AR dflipflop behavioral "D:/Dropbox/ece/Spring_2017/Advanced Digital Design/Lab/Lab5/Lab5/DFlipFlop.vhd" sub00/vhpl25 1493979039
EN fsm_control_unary NULL "D:/Dropbox/ece/Spring_2017/Advanced Digital Design/Lab/Lab5/Lab5/FSM_Control_Unary.vhd" sub00/vhpl12 1493979026
AR ssdcontrol structural "D:/Dropbox/ece/Spring_2017/Advanced Digital Design/Lab/Lab5/Lab5/SSDControl.vhd" sub00/vhpl69 1493979083
EN memorystack NULL "D:/Dropbox/ece/Spring_2017/Advanced Digital Design/Lab/Lab5/Lab5/MemoryStack.vhd" sub00/vhpl64 1493979078
EN mux4x1 NULL "D:/Dropbox/ece/Spring_2017/Advanced Digital Design/Lab/Lab5/Lab5/mux4x1.vhd" sub00/vhpl18 1493979032
EN mux16x4 NULL "D:/Dropbox/ece/Spring_2017/Advanced Digital Design/Lab/Lab5/Lab5/mux16x4.vhd" sub00/vhpl44 1493979058
AR fsmtop structural "D:/Dropbox/ece/Spring_2017/Advanced Digital Design/Lab/Lab5/Lab5/FSMTop.vhd" sub00/vhpl57 1493979071
AR lab3top behavioral "D:/Dropbox/ece/Spring_2017/Advanced Digital Design/Lab/Lab5/Lab5/Lab3Top.vhd" sub00/vhpl77 1493979091
AR ssdcircuit structural "D:/Dropbox/ece/Spring_2017/Advanced Digital Design/Lab/Lab5/Lab5/SSDCircuit.vhd" sub00/vhpl73 1493979087
EN and8gate NULL "D:/Dropbox/ece/Spring_2017/Advanced Digital Design/Lab/Lab5/Lab5/And8Gate.vhd" sub00/vhpl22 1493979036
EN register8 NULL "D:/Dropbox/ece/Spring_2017/Advanced Digital Design/Lab/Lab5/Lab5/Register8.vhd" sub00/vhpl26 1493979040
AR mux32x8 structural "D:/Dropbox/ece/Spring_2017/Advanced Digital Design/Lab/Lab5/Lab5/mux32x8.vhd" sub00/vhpl35 1493979049
AR fsmstack behavioral "D:/Dropbox/ece/Spring_2017/Advanced Digital Design/Lab/Lab5/Lab5/FSMStack.vhd" sub00/vhpl29 1493979043
EN andgate NULL "D:/Dropbox/ece/Spring_2017/Advanced Digital Design/Lab/Lab5/Lab5/AndGate.vhd" sub00/vhpl04 1493979018
EN and4gate NULL "D:/Dropbox/ece/Spring_2017/Advanced Digital Design/Lab/Lab5/Lab5/And4Gate.vhd" sub00/vhpl10 1493979024
AR ssddata structural "D:/Dropbox/ece/Spring_2017/Advanced Digital Design/Lab/Lab5/Lab5/SSDData.vhd" sub00/vhpl71 1493979085
AR xnorgate behavioral "D:/Dropbox/ece/Spring_2017/Advanced Digital Design/Lab/Lab5/Lab5/XnorGate.vhd" sub00/vhpl21 1493979035
EN fsm_mode NULL "D:/Dropbox/ece/Spring_2017/Advanced Digital Design/Lab/Lab5/Lab5/FSM_Mode.vhd" sub00/vhpl58 1493979072
EN mux NULL "D:/Dropbox/ece/Spring_2017/Advanced Digital Design/Lab/Lab5/Lab5/mux.vhd" sub00/vhpl08 1493979022
EN sregister2 NULL "D:/Dropbox/ece/Spring_2017/Advanced Digital Design/Lab/Lab5/Lab5/SRegister2.vhd" sub00/vhpl66 1493979080
AR fsm_control_add_sub behavioral "D:/Dropbox/ece/Spring_2017/Advanced Digital Design/Lab/Lab5/Lab5/FSM_Control_Add_Sub.vhd" sub00/vhpl17 1493979031
AR register8 behavioral "D:/Dropbox/ece/Spring_2017/Advanced Digital Design/Lab/Lab5/Lab5/Register8.vhd" sub00/vhpl27 1493979041
EN equalcomp5 NULL "D:/Dropbox/ece/Spring_2017/Advanced Digital Design/Lab/Lab5/Lab5/EqualComp5.vhd" sub00/vhpl60 1493979074
AR claddsub8 structural "D:/Dropbox/ece/Spring_2017/Advanced Digital Design/Lab/Lab5/Lab5/CLA8.vhd" sub00/vhpl15 1493979029
EN equalcomp7 NULL "D:/Dropbox/ece/Spring_2017/Advanced Digital Design/Lab/Lab5/Lab5/EqualComp7.vhd" sub00/vhpl50 1493979064
EN debouncer NULL "D:/Dropbox/ece/Spring_2017/Advanced Digital Design/Lab/Lab5/Lab5/debouncer.vhd" sub00/vhpl54 1493979068
EN xnorgate NULL "D:/Dropbox/ece/Spring_2017/Advanced Digital Design/Lab/Lab5/Lab5/XnorGate.vhd" sub00/vhpl20 1493979034
AR mux16x4 structural "D:/Dropbox/ece/Spring_2017/Advanced Digital Design/Lab/Lab5/Lab5/mux16x4.vhd" sub00/vhpl45 1493979059
AR sum behavioral "D:/Dropbox/ece/Spring_2017/Advanced Digital Design/Lab/Lab5/Lab5/Sum.vhd" sub00/vhpl03 1493979017
EN stackcircuit NULL "D:/Dropbox/ece/Spring_2017/Advanced Digital Design/Lab/Lab5/Lab5/StackCircuit.vhd" sub00/vhpl74 1493979088
EN fsm_un_swap NULL "D:/Dropbox/ece/Spring_2017/Advanced Digital Design/Lab/Lab5/Lab5/FSM_UN_SWAP.vhd" sub00/vhpl30 1493979044
EN cla4 NULL "D:/Dropbox/ece/Spring_2017/Advanced Digital Design/Lab/Lab5/Lab5/CLA4.vhd" sub00/vhpl06 1493979020
EN counter125k NULL "D:/Dropbox/ece/Spring_2017/Advanced Digital Design/Lab/Lab5/Lab5/Counter125K.vhd" sub00/vhpl48 1493979062
EN fsmssd NULL "D:/Dropbox/ece/Spring_2017/Advanced Digital Design/Lab/Lab5/Lab5/FSMssd.vhd" sub00/vhpl46 1493979060
EN ssddata NULL "D:/Dropbox/ece/Spring_2017/Advanced Digital Design/Lab/Lab5/Lab5/SSDData.vhd" sub00/vhpl70 1493979084
EN fsm_add_sub NULL "D:/Dropbox/ece/Spring_2017/Advanced Digital Design/Lab/Lab5/Lab5/FSM_Add_Sub.vhd" sub00/vhpl32 1493979046
EN ssdcontrol NULL "D:/Dropbox/ece/Spring_2017/Advanced Digital Design/Lab/Lab5/Lab5/SSDControl.vhd" sub00/vhpl68 1493979082
EN lab3top NULL "D:/Dropbox/ece/Spring_2017/Advanced Digital Design/Lab/Lab5/Lab5/Lab3Top.vhd" sub00/vhpl76 1493979090
AR andgate behavioral "D:/Dropbox/ece/Spring_2017/Advanced Digital Design/Lab/Lab5/Lab5/AndGate.vhd" sub00/vhpl05 1493979019
