AR mux4x1 structural "D:/Dropbox/ece/Spring_2017/Advanced Digital Design/Lab/Lab3/Lab3Stack/mux4x1.vhd" sub00/vhpl07 1493050079
EN decoder2to32 NULL "D:/Dropbox/ece/Spring_2017/Advanced Digital Design/Lab/Lab3/Lab3Stack/Decoder2to32.vhd" sub00/vhpl12 1490959577
EN ssdcircuit NULL "D:/Dropbox/ece/Spring_2017/Advanced Digital Design/Lab/Lab3/Lab3Stack/SSDCircuit.vhd" sub00/vhpl38 1493050118
EN fsmtop NULL "D:/Dropbox/ece/Spring_2017/Advanced Digital Design/Lab/Lab3/Lab3Stack/FSMTop.vhd" sub00/vhpl50 1493050104
AR counter125k behavioral "D:/Dropbox/ece/Spring_2017/Advanced Digital Design/Lab/Lab3/Lab3Stack/Counter125K.vhd" sub00/vhpl21 1493050099
AR mux behavioral "D:/Dropbox/ece/Spring_2017/Advanced Digital Design/Lab/Lab3/Lab3Stack/mux.vhd" sub00/vhpl03 1493050075
AR equalcomp7 structural "D:/Dropbox/ece/Spring_2017/Advanced Digital Design/Lab/Lab3/Lab3Stack/EqualComp7.vhd" sub00/vhpl23 1493050101
EN counter5bit NULL "D:/Dropbox/ece/Spring_2017/Advanced Digital Design/Lab/Lab3/Lab3Stack/Counter5bit.vhd" sub00/vhpl30 1493050110
AR and8gate structural "D:/Dropbox/ece/Spring_2017/Advanced Digital Design/Lab/Lab3/Lab3Stack/And8Gate.vhd" sub00/vhpl11 1493050083
EN singlepulsegen NULL "D:/Dropbox/ece/Spring_2017/Advanced Digital Design/Lab/Lab3/Lab3Stack/singlepulsegen.vhd" sub00/vhpl24 1493050102
AR singlepulsegen behavioral "D:/Dropbox/ece/Spring_2017/Advanced Digital Design/Lab/Lab3/Lab3Stack/singlepulsegen.vhd" sub00/vhpl25 1493050103
AR stackcircuit structural "D:/Dropbox/ece/Spring_2017/Advanced Digital Design/Lab/Lab3/Lab3Stack/StackCircuit.vhd" sub00/vhpl41 1493050121
AR equalcomp5 structural "D:/Dropbox/ece/Spring_2017/Advanced Digital Design/Lab/Lab3/Lab3Stack/EqualComp5.vhd" sub00/vhpl29 1493050109
EN fsmstack NULL "D:/Dropbox/ece/Spring_2017/Advanced Digital Design/Lab/Lab3/Lab3Stack/FSMStack.vhd" sub00/vhpl26 1493050084
AR counter5bit behavioral "D:/Dropbox/ece/Spring_2017/Advanced Digital Design/Lab/Lab3/Lab3Stack/Counter5bit.vhd" sub00/vhpl31 1493050111
AR memorystack memorystack_a "D:/Dropbox/ece/Spring_2017/Advanced Digital Design/Lab/Lab3/Lab3Stack/MemoryStack.vhd" sub00/vhpl33 1493050125
AR fsm_add_sub behavioral "D:/Dropbox/ece/Spring_2017/Advanced Digital Design/Lab/Lab3/Lab3Stack/FSM_Add_Sub.vhd" sub00/vhpl47 1493050089
AR fsm_un_swap behavioral "D:/Dropbox/ece/Spring_2017/Advanced Digital Design/Lab/Lab3/Lab3Stack/FSM_UN_SWAP.vhd" sub00/vhpl45 1493050087
AR and4gate structural "D:/Dropbox/ece/Spring_2017/Advanced Digital Design/Lab/Lab3/Lab3Stack/And4Gate.vhd" sub00/vhpl05 1493050077
AR decoder4to32 behavioral "D:/Dropbox/ece/Spring_2017/Advanced Digital Design/Lab/Lab3/Lab3Stack/Decoder2to32.vhd" sub00/vhpl49 1493050091
AR fsmssd behavioral "D:/Dropbox/ece/Spring_2017/Advanced Digital Design/Lab/Lab3/Lab3Stack/FSMssd.vhd" sub00/vhpl19 1493050097
AR fsm_mode behavioral "D:/Dropbox/ece/Spring_2017/Advanced Digital Design/Lab/Lab3/Lab3Stack/FSM_Mode.vhd" sub00/vhpl53 1493050107
EN mux32x8 NULL "D:/Dropbox/ece/Spring_2017/Advanced Digital Design/Lab/Lab3/Lab3Stack/mux32x8.vhd" sub00/vhpl14 1493050092
AR decoder2to32 behavioral "D:/Dropbox/ece/Spring_2017/Advanced Digital Design/Lab/Lab3/Lab3Stack/Decoder2to32.vhd" sub00/vhpl13 1490959578
EN decoder4to32 NULL "D:/Dropbox/ece/Spring_2017/Advanced Digital Design/Lab/Lab3/Lab3Stack/Decoder2to32.vhd" sub00/vhpl48 1493050090
AR ssdcontrol structural "D:/Dropbox/ece/Spring_2017/Advanced Digital Design/Lab/Lab3/Lab3Stack/SSDControl.vhd" sub00/vhpl35 1493050115
EN memorystack NULL "D:/Dropbox/ece/Spring_2017/Advanced Digital Design/Lab/Lab3/Lab3Stack/MemoryStack.vhd" sub00/vhpl32 1493050124
EN mux4x1 NULL "D:/Dropbox/ece/Spring_2017/Advanced Digital Design/Lab/Lab3/Lab3Stack/mux4x1.vhd" sub00/vhpl06 1493050078
EN mux16x4 NULL "D:/Dropbox/ece/Spring_2017/Advanced Digital Design/Lab/Lab3/Lab3Stack/mux16x4.vhd" sub00/vhpl16 1493050094
AR ssdcircuit structural "D:/Dropbox/ece/Spring_2017/Advanced Digital Design/Lab/Lab3/Lab3Stack/SSDCircuit.vhd" sub00/vhpl39 1493050119
AR fsmtop structural "D:/Dropbox/ece/Spring_2017/Advanced Digital Design/Lab/Lab3/Lab3Stack/FSMTop.vhd" sub00/vhpl51 1493050105
AR lab3top behavioral "D:/Dropbox/ece/Spring_2017/Advanced Digital Design/Lab/Lab3/Lab3Stack/Lab3Top.vhd" sub00/vhpl43 1493050123
EN and8gate NULL "D:/Dropbox/ece/Spring_2017/Advanced Digital Design/Lab/Lab3/Lab3Stack/And8Gate.vhd" sub00/vhpl10 1493050082
AR mux32x8 structural "D:/Dropbox/ece/Spring_2017/Advanced Digital Design/Lab/Lab3/Lab3Stack/mux32x8.vhd" sub00/vhpl15 1493050093
AR fsmstack behavioral "D:/Dropbox/ece/Spring_2017/Advanced Digital Design/Lab/Lab3/Lab3Stack/FSMStack.vhd" sub00/vhpl27 1493050085
EN andgate NULL "D:/Dropbox/ece/Spring_2017/Advanced Digital Design/Lab/Lab3/Lab3Stack/AndGate.vhd" sub00/vhpl00 1493050072
EN and4gate NULL "D:/Dropbox/ece/Spring_2017/Advanced Digital Design/Lab/Lab3/Lab3Stack/And4Gate.vhd" sub00/vhpl04 1493050076
AR ssddata structural "D:/Dropbox/ece/Spring_2017/Advanced Digital Design/Lab/Lab3/Lab3Stack/SSDData.vhd" sub00/vhpl37 1493050117
AR xnorgate behavioral "D:/Dropbox/ece/Spring_2017/Advanced Digital Design/Lab/Lab3/Lab3Stack/XnorGate.vhd" sub00/vhpl09 1493050081
EN fsm_mode NULL "D:/Dropbox/ece/Spring_2017/Advanced Digital Design/Lab/Lab3/Lab3Stack/FSM_Mode.vhd" sub00/vhpl52 1493050106
EN mux NULL "D:/Dropbox/ece/Spring_2017/Advanced Digital Design/Lab/Lab3/Lab3Stack/mux.vhd" sub00/vhpl02 1493050074
EN equalcomp5 NULL "D:/Dropbox/ece/Spring_2017/Advanced Digital Design/Lab/Lab3/Lab3Stack/EqualComp5.vhd" sub00/vhpl28 1493050108
EN equalcomp7 NULL "D:/Dropbox/ece/Spring_2017/Advanced Digital Design/Lab/Lab3/Lab3Stack/EqualComp7.vhd" sub00/vhpl22 1493050100
EN xnorgate NULL "D:/Dropbox/ece/Spring_2017/Advanced Digital Design/Lab/Lab3/Lab3Stack/XnorGate.vhd" sub00/vhpl08 1493050080
AR mux16x4 structural "D:/Dropbox/ece/Spring_2017/Advanced Digital Design/Lab/Lab3/Lab3Stack/mux16x4.vhd" sub00/vhpl17 1493050095
EN stackcircuit NULL "D:/Dropbox/ece/Spring_2017/Advanced Digital Design/Lab/Lab3/Lab3Stack/StackCircuit.vhd" sub00/vhpl40 1493050120
EN fsm_un_swap NULL "D:/Dropbox/ece/Spring_2017/Advanced Digital Design/Lab/Lab3/Lab3Stack/FSM_UN_SWAP.vhd" sub00/vhpl44 1493050086
EN counter125k NULL "D:/Dropbox/ece/Spring_2017/Advanced Digital Design/Lab/Lab3/Lab3Stack/Counter125K.vhd" sub00/vhpl20 1493050098
EN fsmssd NULL "D:/Dropbox/ece/Spring_2017/Advanced Digital Design/Lab/Lab3/Lab3Stack/FSMssd.vhd" sub00/vhpl18 1493050096
EN ssddata NULL "D:/Dropbox/ece/Spring_2017/Advanced Digital Design/Lab/Lab3/Lab3Stack/SSDData.vhd" sub00/vhpl36 1493050116
EN fsm_add_sub NULL "D:/Dropbox/ece/Spring_2017/Advanced Digital Design/Lab/Lab3/Lab3Stack/FSM_Add_Sub.vhd" sub00/vhpl46 1493050088
EN ssdcontrol NULL "D:/Dropbox/ece/Spring_2017/Advanced Digital Design/Lab/Lab3/Lab3Stack/SSDControl.vhd" sub00/vhpl34 1493050114
EN lab3top NULL "D:/Dropbox/ece/Spring_2017/Advanced Digital Design/Lab/Lab3/Lab3Stack/Lab3Top.vhd" sub00/vhpl42 1493050122
AR andgate behavioral "D:/Dropbox/ece/Spring_2017/Advanced Digital Design/Lab/Lab3/Lab3Stack/AndGate.vhd" sub00/vhpl01 1493050073
