AR or3gate structural "D:/Dropbox/ece/Spring_2017/Advanced Digital Design/Lab/Lab2/lab2circuit1/Or3Gate.vhd" sub00/vhpl15 1489290300
AR cla4 structural "D:/Dropbox/ece/Spring_2017/Advanced Digital Design/Lab/Lab2/lab2circuit1/CLA4.vhd" sub00/vhpl25 1489290310
EN or3gate NULL "D:/Dropbox/ece/Spring_2017/Advanced Digital Design/Lab/Lab2/lab2circuit1/Or3Gate.vhd" sub00/vhpl14 1489290299
AR sum structural "D:/Dropbox/ece/Spring_2017/Advanced Digital Design/Lab/Lab2/lab2circuit1/Sum.vhd" sub00/vhpl23 1489290308
EN orgate NULL "D:/Dropbox/ece/Spring_2017/Advanced Digital Design/Lab/Lab2/lab2circuit1/OrGate.vhd" sub00/vhpl00 1489290283
EN xorgate NULL "D:/Dropbox/ece/Spring_2017/Advanced Digital Design/Lab/Lab2/lab2circuit1/XorGate.vhd" sub00/vhpl02 1489290287
AR and4gate structural "D:/Dropbox/ece/Spring_2017/Advanced Digital Design/Lab/Lab2/lab2circuit1/And4Gate.vhd" sub00/vhpl07 1489290292
EN xor3gate NULL "D:/Dropbox/ece/Spring_2017/Advanced Digital Design/Lab/Lab2/lab2circuit1/Xor3Gate.vhd" sub00/vhpl08 1489290293
AR carryla structural "D:/Dropbox/ece/Spring_2017/Advanced Digital Design/Lab/Lab2/lab2circuit1/CarryLA.vhd" sub00/vhpl21 1489290306
EN carrygp NULL "D:/Dropbox/ece/Spring_2017/Advanced Digital Design/Lab/Lab2/lab2circuit1/CarryGP.vhd" sub00/vhpl18 1489290303
AR orgate behavioral "D:/Dropbox/ece/Spring_2017/Advanced Digital Design/Lab/Lab2/lab2circuit1/OrGate.vhd" sub00/vhpl01 1489290284
EN or4gate NULL "D:/Dropbox/ece/Spring_2017/Advanced Digital Design/Lab/Lab2/lab2circuit1/Or4Gate.vhd" sub00/vhpl04 1489290289
EN and3gate NULL "D:/Dropbox/ece/Spring_2017/Advanced Digital Design/Lab/Lab2/lab2circuit1/And3Gate.vhd" sub00/vhpl10 1489290295
EN carryla NULL "D:/Dropbox/ece/Spring_2017/Advanced Digital Design/Lab/Lab2/lab2circuit1/CarryLA.vhd" sub00/vhpl20 1489290305
AR or4gate structural "D:/Dropbox/ece/Spring_2017/Advanced Digital Design/Lab/Lab2/lab2circuit1/Or4Gate.vhd" sub00/vhpl05 1489290290
EN sum NULL "D:/Dropbox/ece/Spring_2017/Advanced Digital Design/Lab/Lab2/lab2circuit1/Sum.vhd" sub00/vhpl22 1489290307
AR carrygp structural "D:/Dropbox/ece/Spring_2017/Advanced Digital Design/Lab/Lab2/lab2circuit1/CarryGP.vhd" sub00/vhpl19 1489290304
AR xor3gate structural "D:/Dropbox/ece/Spring_2017/Advanced Digital Design/Lab/Lab2/lab2circuit1/Xor3Gate.vhd" sub00/vhpl09 1489290294
EN or5gate NULL "D:/Dropbox/ece/Spring_2017/Advanced Digital Design/Lab/Lab2/lab2circuit1/Or5Gate.vhd" sub00/vhpl16 1489290301
EN and4gate NULL "D:/Dropbox/ece/Spring_2017/Advanced Digital Design/Lab/Lab2/lab2circuit1/And4Gate.vhd" sub00/vhpl06 1489290291
EN andgate NULL "D:/Dropbox/ece/Spring_2017/Advanced Digital Design/Lab/Lab2/lab2circuit1/AndGate.vhd" sub00/vhpl26 1489290285
AR xorgate behavioral "D:/Dropbox/ece/Spring_2017/Advanced Digital Design/Lab/Lab2/lab2circuit1/XorGate.vhd" sub00/vhpl03 1489290288
AR and5gate structural "D:/Dropbox/ece/Spring_2017/Advanced Digital Design/Lab/Lab2/lab2circuit1/And5Gate.vhd" sub00/vhpl13 1489290298
AR and3gate structural "D:/Dropbox/ece/Spring_2017/Advanced Digital Design/Lab/Lab2/lab2circuit1/And3Gate.vhd" sub00/vhpl11 1489290296
EN cla4 NULL "D:/Dropbox/ece/Spring_2017/Advanced Digital Design/Lab/Lab2/lab2circuit1/CLA4.vhd" sub00/vhpl24 1489290309
AR or5gate structural "D:/Dropbox/ece/Spring_2017/Advanced Digital Design/Lab/Lab2/lab2circuit1/Or5Gate.vhd" sub00/vhpl17 1489290302
EN and5gate NULL "D:/Dropbox/ece/Spring_2017/Advanced Digital Design/Lab/Lab2/lab2circuit1/And5Gate.vhd" sub00/vhpl12 1489290297
AR andgate behavioral "D:/Dropbox/ece/Spring_2017/Advanced Digital Design/Lab/Lab2/lab2circuit1/AndGate.vhd" sub00/vhpl27 1489290286
