AR mux4x1 structural "D:/Dropbox/ece/Spring_2017/Advanced Digital Design/Lab/Lab3/Lab3Stack/mux4x1.vhd" sub00/vhpl07 1490959572
EN decoder2to32 NULL "D:/Dropbox/ece/Spring_2017/Advanced Digital Design/Lab/Lab3/Lab3Stack/Decoder2to32.vhd" sub00/vhpl12 1490959577
EN ssdcircuit NULL "D:/Dropbox/ece/Spring_2017/Advanced Digital Design/Lab/Lab3/Lab3Stack/SSDCircuit.vhd" sub00/vhpl38 1490959603
AR counter125k behavioral "D:/Dropbox/ece/Spring_2017/Advanced Digital Design/Lab/Lab3/Lab3Stack/Counter125K.vhd" sub00/vhpl21 1490959586
AR mux behavioral "D:/Dropbox/ece/Spring_2017/Advanced Digital Design/Lab/Lab3/Lab3Stack/mux.vhd" sub00/vhpl03 1490959568
AR equalcomp7 structural "D:/Dropbox/ece/Spring_2017/Advanced Digital Design/Lab/Lab3/Lab3Stack/EqualComp7.vhd" sub00/vhpl23 1490959588
EN counter5bit NULL "D:/Dropbox/ece/Spring_2017/Advanced Digital Design/Lab/Lab3/Lab3Stack/Counter5bit.vhd" sub00/vhpl30 1490959595
AR and8gate structural "D:/Dropbox/ece/Spring_2017/Advanced Digital Design/Lab/Lab3/Lab3Stack/And8Gate.vhd" sub00/vhpl11 1490959576
EN singlepulsegen NULL "D:/Dropbox/ece/Spring_2017/Advanced Digital Design/Lab/Lab3/Lab3Stack/singlepulsegen.vhd" sub00/vhpl24 1490959589
AR singlepulsegen behavioral "D:/Dropbox/ece/Spring_2017/Advanced Digital Design/Lab/Lab3/Lab3Stack/singlepulsegen.vhd" sub00/vhpl25 1490959590
AR stackcircuit structural "D:/Dropbox/ece/Spring_2017/Advanced Digital Design/Lab/Lab3/Lab3Stack/StackCircuit.vhd" sub00/vhpl41 1490959606
AR equalcomp5 structural "D:/Dropbox/ece/Spring_2017/Advanced Digital Design/Lab/Lab3/Lab3Stack/EqualComp5.vhd" sub00/vhpl29 1490959594
EN fsmstack NULL "D:/Dropbox/ece/Spring_2017/Advanced Digital Design/Lab/Lab3/Lab3Stack/FSMStack.vhd" sub00/vhpl26 1490959591
AR counter5bit behavioral "D:/Dropbox/ece/Spring_2017/Advanced Digital Design/Lab/Lab3/Lab3Stack/Counter5bit.vhd" sub00/vhpl31 1490959596
AR memorystack memorystack_a "D:/Dropbox/ece/Spring_2017/Advanced Digital Design/Lab/Lab3/Lab3Stack/MemoryStack.vhd" sub00/vhpl33 1490959610
AR and4gate structural "D:/Dropbox/ece/Spring_2017/Advanced Digital Design/Lab/Lab3/Lab3Stack/And4Gate.vhd" sub00/vhpl05 1490959570
AR fsmssd behavioral "D:/Dropbox/ece/Spring_2017/Advanced Digital Design/Lab/Lab3/Lab3Stack/FSMssd.vhd" sub00/vhpl19 1490959584
EN mux32x8 NULL "D:/Dropbox/ece/Spring_2017/Advanced Digital Design/Lab/Lab3/Lab3Stack/mux32x8.vhd" sub00/vhpl14 1490959579
AR decoder2to32 behavioral "D:/Dropbox/ece/Spring_2017/Advanced Digital Design/Lab/Lab3/Lab3Stack/Decoder2to32.vhd" sub00/vhpl13 1490959578
AR ssdcontrol structural "D:/Dropbox/ece/Spring_2017/Advanced Digital Design/Lab/Lab3/Lab3Stack/SSDControl.vhd" sub00/vhpl35 1490959600
EN memorystack NULL "D:/Dropbox/ece/Spring_2017/Advanced Digital Design/Lab/Lab3/Lab3Stack/MemoryStack.vhd" sub00/vhpl32 1490959609
EN mux4x1 NULL "D:/Dropbox/ece/Spring_2017/Advanced Digital Design/Lab/Lab3/Lab3Stack/mux4x1.vhd" sub00/vhpl06 1490959571
EN mux16x4 NULL "D:/Dropbox/ece/Spring_2017/Advanced Digital Design/Lab/Lab3/Lab3Stack/mux16x4.vhd" sub00/vhpl16 1490959581
AR ssdcircuit structural "D:/Dropbox/ece/Spring_2017/Advanced Digital Design/Lab/Lab3/Lab3Stack/SSDCircuit.vhd" sub00/vhpl39 1490959604
AR lab3top behavioral "D:/Dropbox/ece/Spring_2017/Advanced Digital Design/Lab/Lab3/Lab3Stack/Lab3Top.vhd" sub00/vhpl43 1490959608
EN and8gate NULL "D:/Dropbox/ece/Spring_2017/Advanced Digital Design/Lab/Lab3/Lab3Stack/And8Gate.vhd" sub00/vhpl10 1490959575
AR mux32x8 structural "D:/Dropbox/ece/Spring_2017/Advanced Digital Design/Lab/Lab3/Lab3Stack/mux32x8.vhd" sub00/vhpl15 1490959580
AR fsmstack behavioral "D:/Dropbox/ece/Spring_2017/Advanced Digital Design/Lab/Lab3/Lab3Stack/FSMStack.vhd" sub00/vhpl27 1490959592
EN andgate NULL "D:/Dropbox/ece/Spring_2017/Advanced Digital Design/Lab/Lab3/Lab3Stack/AndGate.vhd" sub00/vhpl00 1490959565
EN and4gate NULL "D:/Dropbox/ece/Spring_2017/Advanced Digital Design/Lab/Lab3/Lab3Stack/And4Gate.vhd" sub00/vhpl04 1490959569
AR ssddata structural "D:/Dropbox/ece/Spring_2017/Advanced Digital Design/Lab/Lab3/Lab3Stack/SSDData.vhd" sub00/vhpl37 1490959602
AR xnorgate behavioral "D:/Dropbox/ece/Spring_2017/Advanced Digital Design/Lab/Lab3/Lab3Stack/XnorGate.vhd" sub00/vhpl09 1490959574
EN mux NULL "D:/Dropbox/ece/Spring_2017/Advanced Digital Design/Lab/Lab3/Lab3Stack/mux.vhd" sub00/vhpl02 1490959567
EN equalcomp5 NULL "D:/Dropbox/ece/Spring_2017/Advanced Digital Design/Lab/Lab3/Lab3Stack/EqualComp5.vhd" sub00/vhpl28 1490959593
EN equalcomp7 NULL "D:/Dropbox/ece/Spring_2017/Advanced Digital Design/Lab/Lab3/Lab3Stack/EqualComp7.vhd" sub00/vhpl22 1490959587
EN xnorgate NULL "D:/Dropbox/ece/Spring_2017/Advanced Digital Design/Lab/Lab3/Lab3Stack/XnorGate.vhd" sub00/vhpl08 1490959573
AR mux16x4 structural "D:/Dropbox/ece/Spring_2017/Advanced Digital Design/Lab/Lab3/Lab3Stack/mux16x4.vhd" sub00/vhpl17 1490959582
EN stackcircuit NULL "D:/Dropbox/ece/Spring_2017/Advanced Digital Design/Lab/Lab3/Lab3Stack/StackCircuit.vhd" sub00/vhpl40 1490959605
EN counter125k NULL "D:/Dropbox/ece/Spring_2017/Advanced Digital Design/Lab/Lab3/Lab3Stack/Counter125K.vhd" sub00/vhpl20 1490959585
EN fsmssd NULL "D:/Dropbox/ece/Spring_2017/Advanced Digital Design/Lab/Lab3/Lab3Stack/FSMssd.vhd" sub00/vhpl18 1490959583
EN ssddata NULL "D:/Dropbox/ece/Spring_2017/Advanced Digital Design/Lab/Lab3/Lab3Stack/SSDData.vhd" sub00/vhpl36 1490959601
EN ssdcontrol NULL "D:/Dropbox/ece/Spring_2017/Advanced Digital Design/Lab/Lab3/Lab3Stack/SSDControl.vhd" sub00/vhpl34 1490959599
EN lab3top NULL "D:/Dropbox/ece/Spring_2017/Advanced Digital Design/Lab/Lab3/Lab3Stack/Lab3Top.vhd" sub00/vhpl42 1490959607
AR andgate behavioral "D:/Dropbox/ece/Spring_2017/Advanced Digital Design/Lab/Lab3/Lab3Stack/AndGate.vhd" sub00/vhpl01 1490959566
