AR norgate behavioral "D:/Dropbox/ece/Spring_2017/Advanced Digital Design/Lab/Lab2/lab2circuit2/NorGate.vhd" sub00/vhpl03 1489750818
EN dflipflop NULL "D:/Dropbox/ece/Spring_2017/Advanced Digital Design/Lab/Lab2/lab2circuit2/DFlipFlop.vhd" sub00/vhpl10 1489750825
EN singlepulsegen NULL "D:/Dropbox/ece/Spring_2017/Advanced Digital Design/Lab/Lab2/lab2circuit2/singlepulsegen.vhd" sub00/vhpl16 1489750831
AR singlepulsegen behavioral "D:/Dropbox/ece/Spring_2017/Advanced Digital Design/Lab/Lab2/lab2circuit2/singlepulsegen.vhd" sub00/vhpl17 1489750832
EN notgate NULL "D:/Dropbox/ece/Spring_2017/Advanced Digital Design/Lab/Lab2/lab2circuit2/NotGate.vhd" sub00/vhpl12 1489750827
AR nor3gate structural "D:/Dropbox/ece/Spring_2017/Advanced Digital Design/Lab/Lab2/lab2circuit2/Nor3Gate.vhd" sub00/vhpl07 1489750822
EN orgate NULL "D:/Dropbox/ece/Spring_2017/Advanced Digital Design/Lab/Lab2/lab2circuit2/OrGate.vhd" sub00/vhpl00 1489750815
AR lab2topmodule structural "D:/Dropbox/ece/Spring_2017/Advanced Digital Design/Lab/Lab2/lab2circuit2/Lab2TopModule.vhd" sub00/vhpl23 1489750838
AR lab2fsm structural "D:/Dropbox/ece/Spring_2017/Advanced Digital Design/Lab/Lab2/lab2circuit2/Lab2FSM.vhd" sub00/vhpl19 1489750834
EN nor3gate NULL "D:/Dropbox/ece/Spring_2017/Advanced Digital Design/Lab/Lab2/lab2circuit2/Nor3Gate.vhd" sub00/vhpl06 1489750821
AR orgate behavioral "D:/Dropbox/ece/Spring_2017/Advanced Digital Design/Lab/Lab2/lab2circuit2/OrGate.vhd" sub00/vhpl01 1489750816
EN or4gate NULL "D:/Dropbox/ece/Spring_2017/Advanced Digital Design/Lab/Lab2/lab2circuit2/Or4Gate.vhd" sub00/vhpl08 1489750823
AR ledcomblogic structural "D:/Dropbox/ece/Spring_2017/Advanced Digital Design/Lab/Lab2/lab2circuit2/LedCombLogic.vhd" sub00/vhpl21 1489750836
AR or4gate structural "D:/Dropbox/ece/Spring_2017/Advanced Digital Design/Lab/Lab2/lab2circuit2/Or4Gate.vhd" sub00/vhpl09 1489750824
AR dflipflop behavioral "D:/Dropbox/ece/Spring_2017/Advanced Digital Design/Lab/Lab2/lab2circuit2/DFlipFlop.vhd" sub00/vhpl11 1489750826
EN ledcomblogic NULL "D:/Dropbox/ece/Spring_2017/Advanced Digital Design/Lab/Lab2/lab2circuit2/LedCombLogic.vhd" sub00/vhpl20 1489750835
EN lab2fsm NULL "D:/Dropbox/ece/Spring_2017/Advanced Digital Design/Lab/Lab2/lab2circuit2/Lab2FSM.vhd" sub00/vhpl18 1489750833
EN norgate NULL "D:/Dropbox/ece/Spring_2017/Advanced Digital Design/Lab/Lab2/lab2circuit2/NorGate.vhd" sub00/vhpl02 1489750817
EN andgate NULL "D:/Dropbox/ece/Spring_2017/Advanced Digital Design/Lab/Lab2/lab2circuit2/AndGate.vhd" sub00/vhpl04 1489750819
EN onehotcomblogic NULL "D:/Dropbox/ece/Spring_2017/Advanced Digital Design/Lab/Lab2/lab2circuit2/OneHotCombLogic.vhd" sub00/vhpl14 1489750829
EN lab2topmodule NULL "D:/Dropbox/ece/Spring_2017/Advanced Digital Design/Lab/Lab2/lab2circuit2/Lab2TopModule.vhd" sub00/vhpl22 1489750837
AR notgate behavioral "D:/Dropbox/ece/Spring_2017/Advanced Digital Design/Lab/Lab2/lab2circuit2/NotGate.vhd" sub00/vhpl13 1489750828
AR onehotcomblogic structural "D:/Dropbox/ece/Spring_2017/Advanced Digital Design/Lab/Lab2/lab2circuit2/OneHotCombLogic.vhd" sub00/vhpl15 1489750830
AR andgate behavioral "D:/Dropbox/ece/Spring_2017/Advanced Digital Design/Lab/Lab2/lab2circuit2/AndGate.vhd" sub00/vhpl05 1489750820
