AR lab2fsm behavioral "D:/Dropbox/ece/Spring_2017/Advanced Digital Design/Lab/Lab2/lab2fsm/Lab2FSM.vhd" sub00/vhpl03 1489758103
EN singlepulsegen NULL "D:/Dropbox/ece/Spring_2017/Advanced Digital Design/Lab/Lab2/lab2fsm/singlepulsegen.vhd" sub00/vhpl00 1489758100
AR singlepulsegen behavioral "D:/Dropbox/ece/Spring_2017/Advanced Digital Design/Lab/Lab2/lab2fsm/singlepulsegen.vhd" sub00/vhpl01 1489758101
EN lab2fsmtop NULL "D:/Dropbox/ece/Spring_2017/Advanced Digital Design/Lab/Lab2/lab2fsm/Lab2FSMTop.vhd" sub00/vhpl04 1489758104
EN lab2fsm NULL "D:/Dropbox/ece/Spring_2017/Advanced Digital Design/Lab/Lab2/lab2fsm/Lab2FSM.vhd" sub00/vhpl02 1489758102
AR lab2fsmtop structural "D:/Dropbox/ece/Spring_2017/Advanced Digital Design/Lab/Lab2/lab2fsm/Lab2FSMTop.vhd" sub00/vhpl05 1489758105
