V3 11
FL "D:/Dropbox/ece/Spring_2017/Advanced Digital Design/Lab/Lab2/lab2fsm/Lab2FSM.vhd" 2017/03/13.20:33:11 O.87xd
EN work/Lab2FSM 1489758102 \
      FL "D:/Dropbox/ece/Spring_2017/Advanced Digital Design/Lab/Lab2/lab2fsm/Lab2FSM.vhd" \
      PB ieee/std_logic_1164 1325952872
AR work/Lab2FSM/Behavioral 1489758103 \
      FL "D:/Dropbox/ece/Spring_2017/Advanced Digital Design/Lab/Lab2/lab2fsm/Lab2FSM.vhd" \
      EN work/Lab2FSM 1489758102
FL "D:/Dropbox/ece/Spring_2017/Advanced Digital Design/Lab/Lab2/lab2fsm/Lab2FSMTop.vhd" 2017/03/17.15:41:00 O.87xd
EN work/Lab2FSMTop 1489758104 \
      FL "D:/Dropbox/ece/Spring_2017/Advanced Digital Design/Lab/Lab2/lab2fsm/Lab2FSMTop.vhd" \
      PB ieee/std_logic_1164 1325952872
AR work/Lab2FSMTop/Structural 1489758105 \
      FL "D:/Dropbox/ece/Spring_2017/Advanced Digital Design/Lab/Lab2/lab2fsm/Lab2FSMTop.vhd" \
      EN work/Lab2FSMTop 1489758104 CP singlepulsegen CP Lab2FSM
FL "D:/Dropbox/ece/Spring_2017/Advanced Digital Design/Lab/Lab2/lab2fsm/singlepulsegen.vhd" 2017/03/13.15:21:04 O.87xd
EN work/singlepulsegen 1489758100 \
      FL "D:/Dropbox/ece/Spring_2017/Advanced Digital Design/Lab/Lab2/lab2fsm/singlepulsegen.vhd" \
      PB ieee/std_logic_1164 1325952872 PB ieee/std_logic_arith 1325952873 \
      PB ieee/STD_LOGIC_UNSIGNED 1325952875
AR work/singlepulsegen/behavioral 1489758101 \
      FL "D:/Dropbox/ece/Spring_2017/Advanced Digital Design/Lab/Lab2/lab2fsm/singlepulsegen.vhd" \
      EN work/singlepulsegen 1489758100
