AR mux4x1 structural "D:/Dropbox/ece/Spring_2017/Advanced Digital Design/Lab/Lab3/Lab3/mux4x1.vhd" sub00/vhpl07 1490958965
EN decoder2to32 NULL "D:/Dropbox/ece/Spring_2017/Advanced Digital Design/Lab/Lab3/Lab3/Decoder2to32.vhd" sub00/vhpl12 1490958970
EN ssdcircuit NULL "D:/Dropbox/ece/Spring_2017/Advanced Digital Design/Lab/Lab3/Lab3/SSDCircuit.vhd" sub00/vhpl38 1490958996
AR counter125k behavioral "D:/Dropbox/ece/Spring_2017/Advanced Digital Design/Lab/Lab3/Lab3/Counter125K.vhd" sub00/vhpl21 1490958979
AR mux behavioral "D:/Dropbox/ece/Spring_2017/Advanced Digital Design/Lab/Lab3/Lab3/mux.vhd" sub00/vhpl03 1490958961
AR equalcomp7 structural "D:/Dropbox/ece/Spring_2017/Advanced Digital Design/Lab/Lab3/Lab3/EqualComp7.vhd" sub00/vhpl23 1490958981
EN counter5bit NULL "D:/Dropbox/ece/Spring_2017/Advanced Digital Design/Lab/Lab3/Lab3/Counter5bit.vhd" sub00/vhpl30 1490958988
AR and8gate structural "D:/Dropbox/ece/Spring_2017/Advanced Digital Design/Lab/Lab3/Lab3/And8Gate.vhd" sub00/vhpl11 1490958969
EN singlepulsegen NULL "D:/Dropbox/ece/Spring_2017/Advanced Digital Design/Lab/Lab3/Lab3/singlepulsegen.vhd" sub00/vhpl24 1490958982
AR singlepulsegen behavioral "D:/Dropbox/ece/Spring_2017/Advanced Digital Design/Lab/Lab3/Lab3/singlepulsegen.vhd" sub00/vhpl25 1490958983
AR stackcircuit structural "D:/Dropbox/ece/Spring_2017/Advanced Digital Design/Lab/Lab3/Lab3/StackCircuit.vhd" sub00/vhpl41 1490958999
AR equalcomp5 structural "D:/Dropbox/ece/Spring_2017/Advanced Digital Design/Lab/Lab3/Lab3/EqualComp5.vhd" sub00/vhpl29 1490958987
EN fsmstack NULL "D:/Dropbox/ece/Spring_2017/Advanced Digital Design/Lab/Lab3/Lab3/FSMStack.vhd" sub00/vhpl26 1490958984
AR counter5bit behavioral "D:/Dropbox/ece/Spring_2017/Advanced Digital Design/Lab/Lab3/Lab3/Counter5bit.vhd" sub00/vhpl31 1490958989
AR memorystack memorystack_a "D:/Dropbox/ece/Spring_2017/Advanced Digital Design/Lab/Lab3/Lab3/MemoryStack.vhd" sub00/vhpl33 1490958991
AR and4gate structural "D:/Dropbox/ece/Spring_2017/Advanced Digital Design/Lab/Lab3/Lab3/And4Gate.vhd" sub00/vhpl05 1490958963
AR fsmssd behavioral "D:/Dropbox/ece/Spring_2017/Advanced Digital Design/Lab/Lab3/Lab3/FSMssd.vhd" sub00/vhpl19 1490958977
EN mux32x8 NULL "D:/Dropbox/ece/Spring_2017/Advanced Digital Design/Lab/Lab3/Lab3/mux32x8.vhd" sub00/vhpl14 1490958972
AR decoder2to32 behavioral "D:/Dropbox/ece/Spring_2017/Advanced Digital Design/Lab/Lab3/Lab3/Decoder2to32.vhd" sub00/vhpl13 1490958971
AR ssdcontrol structural "D:/Dropbox/ece/Spring_2017/Advanced Digital Design/Lab/Lab3/Lab3/SSDControl.vhd" sub00/vhpl35 1490958993
EN memorystack NULL "D:/Dropbox/ece/Spring_2017/Advanced Digital Design/Lab/Lab3/Lab3/MemoryStack.vhd" sub00/vhpl32 1490958990
EN mux4x1 NULL "D:/Dropbox/ece/Spring_2017/Advanced Digital Design/Lab/Lab3/Lab3/mux4x1.vhd" sub00/vhpl06 1490958964
EN mux16x4 NULL "D:/Dropbox/ece/Spring_2017/Advanced Digital Design/Lab/Lab3/Lab3/mux16x4.vhd" sub00/vhpl16 1490958974
AR ssdcircuit structural "D:/Dropbox/ece/Spring_2017/Advanced Digital Design/Lab/Lab3/Lab3/SSDCircuit.vhd" sub00/vhpl39 1490958997
AR lab3top behavioral "D:/Dropbox/ece/Spring_2017/Advanced Digital Design/Lab/Lab3/Lab3/Lab3Top.vhd" sub00/vhpl43 1490959001
EN and8gate NULL "D:/Dropbox/ece/Spring_2017/Advanced Digital Design/Lab/Lab3/Lab3/And8Gate.vhd" sub00/vhpl10 1490958968
AR mux32x8 structural "D:/Dropbox/ece/Spring_2017/Advanced Digital Design/Lab/Lab3/Lab3/mux32x8.vhd" sub00/vhpl15 1490958973
AR fsmstack behavioral "D:/Dropbox/ece/Spring_2017/Advanced Digital Design/Lab/Lab3/Lab3/FSMStack.vhd" sub00/vhpl27 1490958985
EN andgate NULL "D:/Dropbox/ece/Spring_2017/Advanced Digital Design/Lab/Lab3/Lab3/AndGate.vhd" sub00/vhpl00 1490958958
EN and4gate NULL "D:/Dropbox/ece/Spring_2017/Advanced Digital Design/Lab/Lab3/Lab3/And4Gate.vhd" sub00/vhpl04 1490958962
AR ssddata structural "D:/Dropbox/ece/Spring_2017/Advanced Digital Design/Lab/Lab3/Lab3/SSDData.vhd" sub00/vhpl37 1490958995
AR xnorgate behavioral "D:/Dropbox/ece/Spring_2017/Advanced Digital Design/Lab/Lab3/Lab3/XnorGate.vhd" sub00/vhpl09 1490958967
EN mux NULL "D:/Dropbox/ece/Spring_2017/Advanced Digital Design/Lab/Lab3/Lab3/mux.vhd" sub00/vhpl02 1490958960
EN equalcomp5 NULL "D:/Dropbox/ece/Spring_2017/Advanced Digital Design/Lab/Lab3/Lab3/EqualComp5.vhd" sub00/vhpl28 1490958986
EN equalcomp7 NULL "D:/Dropbox/ece/Spring_2017/Advanced Digital Design/Lab/Lab3/Lab3/EqualComp7.vhd" sub00/vhpl22 1490958980
EN xnorgate NULL "D:/Dropbox/ece/Spring_2017/Advanced Digital Design/Lab/Lab3/Lab3/XnorGate.vhd" sub00/vhpl08 1490958966
AR mux16x4 structural "D:/Dropbox/ece/Spring_2017/Advanced Digital Design/Lab/Lab3/Lab3/mux16x4.vhd" sub00/vhpl17 1490958975
EN stackcircuit NULL "D:/Dropbox/ece/Spring_2017/Advanced Digital Design/Lab/Lab3/Lab3/StackCircuit.vhd" sub00/vhpl40 1490958998
EN counter125k NULL "D:/Dropbox/ece/Spring_2017/Advanced Digital Design/Lab/Lab3/Lab3/Counter125K.vhd" sub00/vhpl20 1490958978
EN fsmssd NULL "D:/Dropbox/ece/Spring_2017/Advanced Digital Design/Lab/Lab3/Lab3/FSMssd.vhd" sub00/vhpl18 1490958976
EN ssddata NULL "D:/Dropbox/ece/Spring_2017/Advanced Digital Design/Lab/Lab3/Lab3/SSDData.vhd" sub00/vhpl36 1490958994
EN ssdcontrol NULL "D:/Dropbox/ece/Spring_2017/Advanced Digital Design/Lab/Lab3/Lab3/SSDControl.vhd" sub00/vhpl34 1490958992
EN lab3top NULL "D:/Dropbox/ece/Spring_2017/Advanced Digital Design/Lab/Lab3/Lab3/Lab3Top.vhd" sub00/vhpl42 1490959000
AR andgate behavioral "D:/Dropbox/ece/Spring_2017/Advanced Digital Design/Lab/Lab3/Lab3/AndGate.vhd" sub00/vhpl01 1490958959
