AR mux4x1 structural "D:/Dropbox/ece/Spring_2017/Advanced Digital Design/Lab/Lab5/Lab5/mux4x1.vhd" sub00/vhpl19 1494875748
AR carryla behavioral "D:/Dropbox/ece/Spring_2017/Advanced Digital Design/Lab/Lab5/Lab5/CarryLA.vhd" sub00/vhpl01 1494875730
AR unarysubtractor structural "D:/Dropbox/ece/Spring_2017/Advanced Digital Design/Lab/Lab5/Lab5/UnarySubtractor.vhd" sub00/vhpl39 1494875770
EN fsmtop NULL "D:/Dropbox/ece/Spring_2017/Advanced Digital Design/Lab/Lab5/Lab5/FSMTop.vhd" sub00/vhpl56 1494875787
EN ssdcircuit NULL "D:/Dropbox/ece/Spring_2017/Advanced Digital Design/Lab/Lab5/Lab5/SSDCircuit.vhd" sub00/vhpl72 1494875803
EN fsm_control_swap NULL "D:/Dropbox/ece/Spring_2017/Advanced Digital Design/Lab/Lab5/Lab5/FSM_Control_Swap.vhd" sub00/vhpl40 1494875771
AR counter125k behavioral "D:/Dropbox/ece/Spring_2017/Advanced Digital Design/Lab/Lab5/Lab5/Counter125K.vhd" sub00/vhpl49 1494875780
AR mux behavioral "D:/Dropbox/ece/Spring_2017/Advanced Digital Design/Lab/Lab5/Lab5/mux.vhd" sub00/vhpl09 1494875738
EN fsm_control_add_sub NULL "D:/Dropbox/ece/Spring_2017/Advanced Digital Design/Lab/Lab5/Lab5/FSM_Control_Add_Sub.vhd" sub00/vhpl16 1494875745
EN dflipflop NULL "D:/Dropbox/ece/Spring_2017/Advanced Digital Design/Lab/Lab5/Lab5/DFlipFlop.vhd" sub00/vhpl24 1494875753
AR mux8x2 structural "D:/Dropbox/ece/Spring_2017/Advanced Digital Design/Lab/Lab5/Lab5/mux8x2.vhd" sub00/vhpl81 1494875764
AR cla4 structural "D:/Dropbox/ece/Spring_2017/Advanced Digital Design/Lab/Lab5/Lab5/CLA4.vhd" sub00/vhpl07 1494875736
AR equalcomp7 structural "D:/Dropbox/ece/Spring_2017/Advanced Digital Design/Lab/Lab5/Lab5/EqualComp7.vhd" sub00/vhpl51 1494875782
EN mux8x2 NULL "D:/Dropbox/ece/Spring_2017/Advanced Digital Design/Lab/Lab5/Lab5/mux8x2.vhd" sub00/vhpl80 1494875763
AR addersubtractor structural "D:/Dropbox/ece/Spring_2017/Advanced Digital Design/Lab/Lab5/Lab5/AdderSubtractor.vhd" sub00/vhpl37 1494875768
EN counter5bit NULL "D:/Dropbox/ece/Spring_2017/Advanced Digital Design/Lab/Lab5/Lab5/Counter5bit.vhd" sub00/vhpl62 1494875793
AR and8gate structural "D:/Dropbox/ece/Spring_2017/Advanced Digital Design/Lab/Lab5/Lab5/And8Gate.vhd" sub00/vhpl23 1494875752
EN singlepulsegen NULL "D:/Dropbox/ece/Spring_2017/Advanced Digital Design/Lab/Lab5/Lab5/singlepulsegen.vhd" sub00/vhpl52 1494875783
AR singlepulsegen behavioral "D:/Dropbox/ece/Spring_2017/Advanced Digital Design/Lab/Lab5/Lab5/singlepulsegen.vhd" sub00/vhpl53 1494875784
AR stackcircuit structural "D:/Dropbox/ece/Spring_2017/Advanced Digital Design/Lab/Lab5/Lab5/StackCircuit.vhd" sub00/vhpl75 1494875806
AR equalcomp5 structural "D:/Dropbox/ece/Spring_2017/Advanced Digital Design/Lab/Lab5/Lab5/EqualComp5.vhd" sub00/vhpl61 1494875792
EN addersubtractor NULL "D:/Dropbox/ece/Spring_2017/Advanced Digital Design/Lab/Lab5/Lab5/AdderSubtractor.vhd" sub00/vhpl36 1494875767
EN fsmstack NULL "D:/Dropbox/ece/Spring_2017/Advanced Digital Design/Lab/Lab5/Lab5/FSMStack.vhd" sub00/vhpl28 1494875757
AR counter5bit behavioral "D:/Dropbox/ece/Spring_2017/Advanced Digital Design/Lab/Lab5/Lab5/Counter5bit.vhd" sub00/vhpl63 1494875794
AR debouncer behavioral "D:/Dropbox/ece/Spring_2017/Advanced Digital Design/Lab/Lab5/Lab5/debouncer.vhd" sub00/vhpl55 1494875786
AR memorystack memorystack_a "D:/Dropbox/ece/Spring_2017/Advanced Digital Design/Lab/Lab5/Lab5/MemoryStack.vhd" sub00/vhpl65 1494875796
AR fsm_control_unary behavioral "D:/Dropbox/ece/Spring_2017/Advanced Digital Design/Lab/Lab5/Lab5/FSM_Control_Unary.vhd" sub00/vhpl13 1494875742
AR fsm_add_sub behavioral "D:/Dropbox/ece/Spring_2017/Advanced Digital Design/Lab/Lab5/Lab5/FSM_Add_Sub.vhd" sub00/vhpl33 1494875762
EN unarysubtractor NULL "D:/Dropbox/ece/Spring_2017/Advanced Digital Design/Lab/Lab5/Lab5/UnarySubtractor.vhd" sub00/vhpl38 1494875769
AR fsm_un_swap behavioral "D:/Dropbox/ece/Spring_2017/Advanced Digital Design/Lab/Lab5/Lab5/FSM_UN_SWAP.vhd" sub00/vhpl31 1494875760
AR and4gate structural "D:/Dropbox/ece/Spring_2017/Advanced Digital Design/Lab/Lab5/Lab5/And4Gate.vhd" sub00/vhpl11 1494875740
AR decoder4to32 behavioral "D:/Dropbox/ece/Spring_2017/Advanced Digital Design/Lab/Lab5/Lab5/Decoder2to32.vhd" sub00/vhpl43 1494875774
AR carrygp behavioral "D:/Dropbox/ece/Spring_2017/Advanced Digital Design/Lab/Lab5/Lab5/CarryGP.vhd" sub00/vhpl79 1494875728
AR fsmssd behavioral "D:/Dropbox/ece/Spring_2017/Advanced Digital Design/Lab/Lab5/Lab5/FSMssd.vhd" sub00/vhpl47 1494875778
AR fsm_mode behavioral "D:/Dropbox/ece/Spring_2017/Advanced Digital Design/Lab/Lab5/Lab5/FSM_Mode.vhd" sub00/vhpl59 1494875790
AR sregister2 structural "D:/Dropbox/ece/Spring_2017/Advanced Digital Design/Lab/Lab5/Lab5/SRegister2.vhd" sub00/vhpl67 1494875798
EN mux32x8 NULL "D:/Dropbox/ece/Spring_2017/Advanced Digital Design/Lab/Lab5/Lab5/mux32x8.vhd" sub00/vhpl34 1494875765
EN carrygp NULL "D:/Dropbox/ece/Spring_2017/Advanced Digital Design/Lab/Lab5/Lab5/CarryGP.vhd" sub00/vhpl78 1494875727
AR fsm_control_swap behavioral "D:/Dropbox/ece/Spring_2017/Advanced Digital Design/Lab/Lab5/Lab5/FSM_Control_Swap.vhd" sub00/vhpl41 1494875772
EN carryla NULL "D:/Dropbox/ece/Spring_2017/Advanced Digital Design/Lab/Lab5/Lab5/CarryLA.vhd" sub00/vhpl00 1494875729
EN claddsub8 NULL "D:/Dropbox/ece/Spring_2017/Advanced Digital Design/Lab/Lab5/Lab5/CLA8.vhd" sub00/vhpl14 1494875743
EN sum NULL "D:/Dropbox/ece/Spring_2017/Advanced Digital Design/Lab/Lab5/Lab5/Sum.vhd" sub00/vhpl02 1494875731
EN decoder4to32 NULL "D:/Dropbox/ece/Spring_2017/Advanced Digital Design/Lab/Lab5/Lab5/Decoder2to32.vhd" sub00/vhpl42 1494875773
AR dflipflop behavioral "D:/Dropbox/ece/Spring_2017/Advanced Digital Design/Lab/Lab5/Lab5/DFlipFlop.vhd" sub00/vhpl25 1494875754
EN fsm_control_unary NULL "D:/Dropbox/ece/Spring_2017/Advanced Digital Design/Lab/Lab5/Lab5/FSM_Control_Unary.vhd" sub00/vhpl12 1494875741
AR ssdcontrol structural "D:/Dropbox/ece/Spring_2017/Advanced Digital Design/Lab/Lab5/Lab5/SSDControl.vhd" sub00/vhpl69 1494875800
EN memorystack NULL "D:/Dropbox/ece/Spring_2017/Advanced Digital Design/Lab/Lab5/Lab5/MemoryStack.vhd" sub00/vhpl64 1494875795
EN mux4x1 NULL "D:/Dropbox/ece/Spring_2017/Advanced Digital Design/Lab/Lab5/Lab5/mux4x1.vhd" sub00/vhpl18 1494875747
EN mux16x4 NULL "D:/Dropbox/ece/Spring_2017/Advanced Digital Design/Lab/Lab5/Lab5/mux16x4.vhd" sub00/vhpl44 1494875775
AR fsmtop structural "D:/Dropbox/ece/Spring_2017/Advanced Digital Design/Lab/Lab5/Lab5/FSMTop.vhd" sub00/vhpl57 1494875788
AR ssdcircuit structural "D:/Dropbox/ece/Spring_2017/Advanced Digital Design/Lab/Lab5/Lab5/SSDCircuit.vhd" sub00/vhpl73 1494875804
AR lab3top behavioral "D:/Dropbox/ece/Spring_2017/Advanced Digital Design/Lab/Lab5/Lab5/Lab3Top.vhd" sub00/vhpl77 1494875808
EN and8gate NULL "D:/Dropbox/ece/Spring_2017/Advanced Digital Design/Lab/Lab5/Lab5/And8Gate.vhd" sub00/vhpl22 1494875751
EN register8 NULL "D:/Dropbox/ece/Spring_2017/Advanced Digital Design/Lab/Lab5/Lab5/Register8.vhd" sub00/vhpl26 1494875755
AR mux32x8 structural "D:/Dropbox/ece/Spring_2017/Advanced Digital Design/Lab/Lab5/Lab5/mux32x8.vhd" sub00/vhpl35 1494875766
AR fsmstack behavioral "D:/Dropbox/ece/Spring_2017/Advanced Digital Design/Lab/Lab5/Lab5/FSMStack.vhd" sub00/vhpl29 1494875758
EN andgate NULL "D:/Dropbox/ece/Spring_2017/Advanced Digital Design/Lab/Lab5/Lab5/AndGate.vhd" sub00/vhpl04 1494875733
EN and4gate NULL "D:/Dropbox/ece/Spring_2017/Advanced Digital Design/Lab/Lab5/Lab5/And4Gate.vhd" sub00/vhpl10 1494875739
AR ssddata structural "D:/Dropbox/ece/Spring_2017/Advanced Digital Design/Lab/Lab5/Lab5/SSDData.vhd" sub00/vhpl71 1494875802
AR xnorgate behavioral "D:/Dropbox/ece/Spring_2017/Advanced Digital Design/Lab/Lab5/Lab5/XnorGate.vhd" sub00/vhpl21 1494875750
EN fsm_mode NULL "D:/Dropbox/ece/Spring_2017/Advanced Digital Design/Lab/Lab5/Lab5/FSM_Mode.vhd" sub00/vhpl58 1494875789
EN mux NULL "D:/Dropbox/ece/Spring_2017/Advanced Digital Design/Lab/Lab5/Lab5/mux.vhd" sub00/vhpl08 1494875737
AR fsm_control_add_sub behavioral "D:/Dropbox/ece/Spring_2017/Advanced Digital Design/Lab/Lab5/Lab5/FSM_Control_Add_Sub.vhd" sub00/vhpl17 1494875746
EN sregister2 NULL "D:/Dropbox/ece/Spring_2017/Advanced Digital Design/Lab/Lab5/Lab5/SRegister2.vhd" sub00/vhpl66 1494875797
AR register8 behavioral "D:/Dropbox/ece/Spring_2017/Advanced Digital Design/Lab/Lab5/Lab5/Register8.vhd" sub00/vhpl27 1494875756
EN equalcomp5 NULL "D:/Dropbox/ece/Spring_2017/Advanced Digital Design/Lab/Lab5/Lab5/EqualComp5.vhd" sub00/vhpl60 1494875791
AR claddsub8 structural "D:/Dropbox/ece/Spring_2017/Advanced Digital Design/Lab/Lab5/Lab5/CLA8.vhd" sub00/vhpl15 1494875744
EN equalcomp7 NULL "D:/Dropbox/ece/Spring_2017/Advanced Digital Design/Lab/Lab5/Lab5/EqualComp7.vhd" sub00/vhpl50 1494875781
EN debouncer NULL "D:/Dropbox/ece/Spring_2017/Advanced Digital Design/Lab/Lab5/Lab5/debouncer.vhd" sub00/vhpl54 1494875785
EN xnorgate NULL "D:/Dropbox/ece/Spring_2017/Advanced Digital Design/Lab/Lab5/Lab5/XnorGate.vhd" sub00/vhpl20 1494875749
AR mux16x4 structural "D:/Dropbox/ece/Spring_2017/Advanced Digital Design/Lab/Lab5/Lab5/mux16x4.vhd" sub00/vhpl45 1494875776
AR sum behavioral "D:/Dropbox/ece/Spring_2017/Advanced Digital Design/Lab/Lab5/Lab5/Sum.vhd" sub00/vhpl03 1494875732
EN stackcircuit NULL "D:/Dropbox/ece/Spring_2017/Advanced Digital Design/Lab/Lab5/Lab5/StackCircuit.vhd" sub00/vhpl74 1494875805
EN fsm_un_swap NULL "D:/Dropbox/ece/Spring_2017/Advanced Digital Design/Lab/Lab5/Lab5/FSM_UN_SWAP.vhd" sub00/vhpl30 1494875759
EN cla4 NULL "D:/Dropbox/ece/Spring_2017/Advanced Digital Design/Lab/Lab5/Lab5/CLA4.vhd" sub00/vhpl06 1494875735
EN counter125k NULL "D:/Dropbox/ece/Spring_2017/Advanced Digital Design/Lab/Lab5/Lab5/Counter125K.vhd" sub00/vhpl48 1494875779
EN fsmssd NULL "D:/Dropbox/ece/Spring_2017/Advanced Digital Design/Lab/Lab5/Lab5/FSMssd.vhd" sub00/vhpl46 1494875777
EN ssddata NULL "D:/Dropbox/ece/Spring_2017/Advanced Digital Design/Lab/Lab5/Lab5/SSDData.vhd" sub00/vhpl70 1494875801
EN fsm_add_sub NULL "D:/Dropbox/ece/Spring_2017/Advanced Digital Design/Lab/Lab5/Lab5/FSM_Add_Sub.vhd" sub00/vhpl32 1494875761
EN ssdcontrol NULL "D:/Dropbox/ece/Spring_2017/Advanced Digital Design/Lab/Lab5/Lab5/SSDControl.vhd" sub00/vhpl68 1494875799
EN lab3top NULL "D:/Dropbox/ece/Spring_2017/Advanced Digital Design/Lab/Lab5/Lab5/Lab3Top.vhd" sub00/vhpl76 1494875807
AR andgate behavioral "D:/Dropbox/ece/Spring_2017/Advanced Digital Design/Lab/Lab5/Lab5/AndGate.vhd" sub00/vhpl05 1494875734
